Analysis & Synthesis report for ALU_unit
Fri Nov 24 15:57:18 2023
Quartus Prime Version 18.1.0 Build 625 09/12/2018 SJ Lite Edition


---------------------
; Table of Contents ;
---------------------
  1. Legal Notice
  2. Analysis & Synthesis Summary
  3. Analysis & Synthesis Settings
  4. Parallel Compilation
  5. Analysis & Synthesis Source Files Read
  6. Analysis & Synthesis Resource Usage Summary
  7. Analysis & Synthesis Resource Utilization by Entity
  8. General Register Statistics
  9. Multiplexer Restructuring Statistics (Restructuring Performed)
 10. Parameter Settings for Inferred Entity Instance: mul:mul16|lpm_mult:Mult0
 11. lpm_mult Parameter Settings by Entity Instance
 12. Port Connectivity Checks: "add_sub:sub16"
 13. Port Connectivity Checks: "add_sub:adder16|FULLADDER:FA1|OR_2:OR2"
 14. Port Connectivity Checks: "add_sub:adder16"
 15. Post-Synthesis Netlist Statistics for Top Partition
 16. Elapsed Time Per Partition
 17. Analysis & Synthesis Messages



----------------
; Legal Notice ;
----------------
Copyright (C) 2018  Intel Corporation. All rights reserved.
Your use of Intel Corporation's design tools, logic functions 
and other software and tools, and its AMPP partner logic 
functions, and any output files from any of the foregoing 
(including device programming or simulation files), and any 
associated documentation or information are expressly subject 
to the terms and conditions of the Intel Program License 
Subscription Agreement, the Intel Quartus Prime License Agreement,
the Intel FPGA IP License Agreement, or other applicable license
agreement, including, without limitation, that your use is for
the sole purpose of programming logic devices manufactured by
Intel and sold by Intel or its authorized distributors.  Please
refer to the applicable agreement for further details.



+----------------------------------------------------------------------------------+
; Analysis & Synthesis Summary                                                     ;
+------------------------------------+---------------------------------------------+
; Analysis & Synthesis Status        ; Successful - Fri Nov 24 15:57:18 2023       ;
; Quartus Prime Version              ; 18.1.0 Build 625 09/12/2018 SJ Lite Edition ;
; Revision Name                      ; ALU_unit                                    ;
; Top-level Entity Name              ; ALU_unit                                    ;
; Family                             ; MAX 10                                      ;
; Total logic elements               ; 161                                         ;
;     Total combinational functions  ; 161                                         ;
;     Dedicated logic registers      ; 0                                           ;
; Total registers                    ; 0                                           ;
; Total pins                         ; 53                                          ;
; Total virtual pins                 ; 0                                           ;
; Total memory bits                  ; 0                                           ;
; Embedded Multiplier 9-bit elements ; 0                                           ;
; Total PLLs                         ; 0                                           ;
; UFM blocks                         ; 0                                           ;
; ADC blocks                         ; 0                                           ;
+------------------------------------+---------------------------------------------+


+------------------------------------------------------------------------------------------------------------+
; Analysis & Synthesis Settings                                                                              ;
+------------------------------------------------------------------+--------------------+--------------------+
; Option                                                           ; Setting            ; Default Value      ;
+------------------------------------------------------------------+--------------------+--------------------+
; Device                                                           ; 10M25SAE144C8G     ;                    ;
; Top-level entity name                                            ; ALU_unit           ; ALU_unit           ;
; Family name                                                      ; MAX 10             ; Cyclone V          ;
; Use smart compilation                                            ; Off                ; Off                ;
; Enable parallel Assembler and Timing Analyzer during compilation ; On                 ; On                 ;
; Enable compact report table                                      ; Off                ; Off                ;
; Restructure Multiplexers                                         ; Auto               ; Auto               ;
; Create Debugging Nodes for IP Cores                              ; Off                ; Off                ;
; Preserve fewer node names                                        ; On                 ; On                 ;
; Intel FPGA IP Evaluation Mode                                    ; Enable             ; Enable             ;
; Verilog Version                                                  ; Verilog_2001       ; Verilog_2001       ;
; VHDL Version                                                     ; VHDL_1993          ; VHDL_1993          ;
; State Machine Processing                                         ; Auto               ; Auto               ;
; Safe State Machine                                               ; Off                ; Off                ;
; Extract Verilog State Machines                                   ; On                 ; On                 ;
; Extract VHDL State Machines                                      ; On                 ; On                 ;
; Ignore Verilog initial constructs                                ; Off                ; Off                ;
; Iteration limit for constant Verilog loops                       ; 5000               ; 5000               ;
; Iteration limit for non-constant Verilog loops                   ; 250                ; 250                ;
; Add Pass-Through Logic to Inferred RAMs                          ; On                 ; On                 ;
; Infer RAMs from Raw Logic                                        ; On                 ; On                 ;
; Parallel Synthesis                                               ; On                 ; On                 ;
; DSP Block Balancing                                              ; Auto               ; Auto               ;
; NOT Gate Push-Back                                               ; On                 ; On                 ;
; Power-Up Don't Care                                              ; On                 ; On                 ;
; Remove Redundant Logic Cells                                     ; Off                ; Off                ;
; Remove Duplicate Registers                                       ; On                 ; On                 ;
; Ignore CARRY Buffers                                             ; Off                ; Off                ;
; Ignore CASCADE Buffers                                           ; Off                ; Off                ;
; Ignore GLOBAL Buffers                                            ; Off                ; Off                ;
; Ignore ROW GLOBAL Buffers                                        ; Off                ; Off                ;
; Ignore LCELL Buffers                                             ; Off                ; Off                ;
; Ignore SOFT Buffers                                              ; On                 ; On                 ;
; Limit AHDL Integers to 32 Bits                                   ; Off                ; Off                ;
; Optimization Technique                                           ; Balanced           ; Balanced           ;
; Carry Chain Length                                               ; 70                 ; 70                 ;
; Auto Carry Chains                                                ; On                 ; On                 ;
; Auto Open-Drain Pins                                             ; On                 ; On                 ;
; Perform WYSIWYG Primitive Resynthesis                            ; Off                ; Off                ;
; Auto ROM Replacement                                             ; On                 ; On                 ;
; Auto RAM Replacement                                             ; On                 ; On                 ;
; Auto DSP Block Replacement                                       ; On                 ; On                 ;
; Auto Shift Register Replacement                                  ; Auto               ; Auto               ;
; Allow Shift Register Merging across Hierarchies                  ; Auto               ; Auto               ;
; Auto Clock Enable Replacement                                    ; On                 ; On                 ;
; Strict RAM Replacement                                           ; Off                ; Off                ;
; Allow Synchronous Control Signals                                ; On                 ; On                 ;
; Force Use of Synchronous Clear Signals                           ; Off                ; Off                ;
; Auto RAM Block Balancing                                         ; On                 ; On                 ;
; Auto RAM to Logic Cell Conversion                                ; Off                ; Off                ;
; Auto Resource Sharing                                            ; Off                ; Off                ;
; Allow Any RAM Size For Recognition                               ; Off                ; Off                ;
; Allow Any ROM Size For Recognition                               ; Off                ; Off                ;
; Allow Any Shift Register Size For Recognition                    ; Off                ; Off                ;
; Use LogicLock Constraints during Resource Balancing              ; On                 ; On                 ;
; Ignore translate_off and synthesis_off directives                ; Off                ; Off                ;
; Timing-Driven Synthesis                                          ; On                 ; On                 ;
; Report Parameter Settings                                        ; On                 ; On                 ;
; Report Source Assignments                                        ; On                 ; On                 ;
; Report Connectivity Checks                                       ; On                 ; On                 ;
; Ignore Maximum Fan-Out Assignments                               ; Off                ; Off                ;
; Synchronization Register Chain Length                            ; 2                  ; 2                  ;
; Power Optimization During Synthesis                              ; Normal compilation ; Normal compilation ;
; HDL message level                                                ; Level2             ; Level2             ;
; Suppress Register Optimization Related Messages                  ; Off                ; Off                ;
; Number of Removed Registers Reported in Synthesis Report         ; 5000               ; 5000               ;
; Number of Swept Nodes Reported in Synthesis Report               ; 5000               ; 5000               ;
; Number of Inverted Registers Reported in Synthesis Report        ; 100                ; 100                ;
; Clock MUX Protection                                             ; On                 ; On                 ;
; Auto Gated Clock Conversion                                      ; Off                ; Off                ;
; Block Design Naming                                              ; Auto               ; Auto               ;
; SDC constraint protection                                        ; Off                ; Off                ;
; Synthesis Effort                                                 ; Auto               ; Auto               ;
; Shift Register Replacement - Allow Asynchronous Clear Signal     ; On                 ; On                 ;
; Pre-Mapping Resynthesis Optimization                             ; Off                ; Off                ;
; Analysis & Synthesis Message Level                               ; Medium             ; Medium             ;
; Disable Register Merging Across Hierarchies                      ; Auto               ; Auto               ;
; Resource Aware Inference For Block RAM                           ; On                 ; On                 ;
+------------------------------------------------------------------+--------------------+--------------------+


+------------------------------------------+
; Parallel Compilation                     ;
+----------------------------+-------------+
; Processors                 ; Number      ;
+----------------------------+-------------+
; Number detected on machine ; 12          ;
; Maximum allowed            ; 10          ;
;                            ;             ;
; Average used               ; 1.00        ;
; Maximum used               ; 1           ;
;                            ;             ;
; Usage by Processor         ; % Time Used ;
;     Processor 1            ; 100.0%      ;
+----------------------------+-------------+


+----------------------------------------------------------------------------------------------------------------------------------------------------------------------+
; Analysis & Synthesis Source Files Read                                                                                                                               ;
+----------------------------------+-----------------+------------------------------+------------------------------------------------------------------------+---------+
; File Name with User-Entered Path ; Used in Netlist ; File Type                    ; File Name with Absolute Path                                           ; Library ;
+----------------------------------+-----------------+------------------------------+------------------------------------------------------------------------+---------+
; mux_16bit.vhd                    ; yes             ; User VHDL File               ; E:/3rd SEM/EE224/ALU/mux_16bit.vhd                                     ;         ;
; Gates.vhdl                       ; yes             ; User VHDL File               ; E:/3rd SEM/EE224/ALU/Gates.vhdl                                        ;         ;
; zeroflag.vhd                     ; yes             ; User VHDL File               ; E:/3rd SEM/EE224/ALU/zeroflag.vhd                                      ;         ;
; or16bit.vhd                      ; yes             ; User VHDL File               ; E:/3rd SEM/EE224/ALU/or16bit.vhd                                       ;         ;
; mux8x1.vhd                       ; yes             ; User VHDL File               ; E:/3rd SEM/EE224/ALU/mux8x1.vhd                                        ;         ;
; MUX2x1.vhd                       ; yes             ; User VHDL File               ; E:/3rd SEM/EE224/ALU/MUX2x1.vhd                                        ;         ;
; imp16bit.vhd                     ; yes             ; User VHDL File               ; E:/3rd SEM/EE224/ALU/imp16bit.vhd                                      ;         ;
; and16bit.vhd                     ; yes             ; User VHDL File               ; E:/3rd SEM/EE224/ALU/and16bit.vhd                                      ;         ;
; ALU_unit.vhd                     ; yes             ; User VHDL File               ; E:/3rd SEM/EE224/ALU/ALU_unit.vhd                                      ;         ;
; add_sub.vhd                      ; yes             ; User VHDL File               ; E:/3rd SEM/EE224/ALU/add_sub.vhd                                       ;         ;
; mul.vhd                          ; yes             ; User VHDL File               ; E:/3rd SEM/EE224/ALU/mul.vhd                                           ;         ;
; FULLADDER.vhd                    ; yes             ; User VHDL File               ; E:/3rd SEM/EE224/ALU/FULLADDER.vhd                                     ;         ;
; lpm_mult.tdf                     ; yes             ; Megafunction                 ; c:/intelfpga_lite/18.1/quartus/libraries/megafunctions/lpm_mult.tdf    ;         ;
; aglobal181.inc                   ; yes             ; Megafunction                 ; c:/intelfpga_lite/18.1/quartus/libraries/megafunctions/aglobal181.inc  ;         ;
; lpm_add_sub.inc                  ; yes             ; Megafunction                 ; c:/intelfpga_lite/18.1/quartus/libraries/megafunctions/lpm_add_sub.inc ;         ;
; multcore.inc                     ; yes             ; Megafunction                 ; c:/intelfpga_lite/18.1/quartus/libraries/megafunctions/multcore.inc    ;         ;
; bypassff.inc                     ; yes             ; Megafunction                 ; c:/intelfpga_lite/18.1/quartus/libraries/megafunctions/bypassff.inc    ;         ;
; altshift.inc                     ; yes             ; Megafunction                 ; c:/intelfpga_lite/18.1/quartus/libraries/megafunctions/altshift.inc    ;         ;
; db/mult_9js.tdf                  ; yes             ; Auto-Generated Megafunction  ; E:/3rd SEM/EE224/ALU/db/mult_9js.tdf                                   ;         ;
+----------------------------------+-----------------+------------------------------+------------------------------------------------------------------------+---------+


+-------------------------------------------------------+
; Analysis & Synthesis Resource Usage Summary           ;
+---------------------------------------------+---------+
; Resource                                    ; Usage   ;
+---------------------------------------------+---------+
; Estimated Total logic elements              ; 161     ;
;                                             ;         ;
; Total combinational functions               ; 161     ;
; Logic element usage by number of LUT inputs ;         ;
;     -- 4 input functions                    ; 82      ;
;     -- 3 input functions                    ; 71      ;
;     -- <=2 input functions                  ; 8       ;
;                                             ;         ;
; Logic elements by mode                      ;         ;
;     -- normal mode                          ; 149     ;
;     -- arithmetic mode                      ; 12      ;
;                                             ;         ;
; Total registers                             ; 0       ;
;     -- Dedicated logic registers            ; 0       ;
;     -- I/O registers                        ; 0       ;
;                                             ;         ;
; I/O pins                                    ; 53      ;
;                                             ;         ;
; Embedded Multiplier 9-bit elements          ; 0       ;
;                                             ;         ;
; Maximum fan-out node                        ; p~input ;
; Maximum fan-out                             ; 57      ;
; Total fan-out                               ; 628     ;
; Average fan-out                             ; 2.35    ;
+---------------------------------------------+---------+


+-------------------------------------------------------------------------------------------------------------------------------------------------------------------------------------------------------------------------------------------------------------------------------------------------+
; Analysis & Synthesis Resource Utilization by Entity                                                                                                                                                                                                                                             ;
+----------------------------------------+---------------------+---------------------------+-------------+------------+--------------+---------+-----------+------+--------------+------------+----------------------------------------------------------------------+-------------+--------------+
; Compilation Hierarchy Node             ; Combinational ALUTs ; Dedicated Logic Registers ; Memory Bits ; UFM Blocks ; DSP Elements ; DSP 9x9 ; DSP 18x18 ; Pins ; Virtual Pins ; ADC blocks ; Full Hierarchy Name                                                  ; Entity Name ; Library Name ;
+----------------------------------------+---------------------+---------------------------+-------------+------------+--------------+---------+-----------+------+--------------+------------+----------------------------------------------------------------------+-------------+--------------+
; |ALU_unit                              ; 161 (0)             ; 0 (0)                     ; 0           ; 0          ; 0            ; 0       ; 0         ; 53   ; 0            ; 0          ; |ALU_unit                                                            ; ALU_unit    ; work         ;
;    |add_sub:adder16|                   ; 16 (0)              ; 0 (0)                     ; 0           ; 0          ; 0            ; 0       ; 0         ; 0    ; 0            ; 0          ; |ALU_unit|add_sub:adder16                                            ; add_sub     ; work         ;
;       |FULLADDER:FA16|                 ; 2 (0)               ; 0 (0)                     ; 0           ; 0          ; 0            ; 0       ; 0         ; 0    ; 0            ; 0          ; |ALU_unit|add_sub:adder16|FULLADDER:FA16                             ; FULLADDER   ; work         ;
;          |OR_2:OR3|                    ; 1 (1)               ; 0 (0)                     ; 0           ; 0          ; 0            ; 0       ; 0         ; 0    ; 0            ; 0          ; |ALU_unit|add_sub:adder16|FULLADDER:FA16|OR_2:OR3                    ; OR_2        ; work         ;
;          |XOR_2:XOR2|                  ; 1 (1)               ; 0 (0)                     ; 0           ; 0          ; 0            ; 0       ; 0         ; 0    ; 0            ; 0          ; |ALU_unit|add_sub:adder16|FULLADDER:FA16|XOR_2:XOR2                  ; XOR_2       ; work         ;
;       |FULLADDER:\fullADDER_gen:10:FA| ; 1 (0)               ; 0 (0)                     ; 0           ; 0          ; 0            ; 0       ; 0         ; 0    ; 0            ; 0          ; |ALU_unit|add_sub:adder16|FULLADDER:\fullADDER_gen:10:FA             ; FULLADDER   ; work         ;
;          |OR_2:OR3|                    ; 1 (1)               ; 0 (0)                     ; 0           ; 0          ; 0            ; 0       ; 0         ; 0    ; 0            ; 0          ; |ALU_unit|add_sub:adder16|FULLADDER:\fullADDER_gen:10:FA|OR_2:OR3    ; OR_2        ; work         ;
;       |FULLADDER:\fullADDER_gen:11:FA| ; 1 (0)               ; 0 (0)                     ; 0           ; 0          ; 0            ; 0       ; 0         ; 0    ; 0            ; 0          ; |ALU_unit|add_sub:adder16|FULLADDER:\fullADDER_gen:11:FA             ; FULLADDER   ; work         ;
;          |OR_2:OR3|                    ; 1 (1)               ; 0 (0)                     ; 0           ; 0          ; 0            ; 0       ; 0         ; 0    ; 0            ; 0          ; |ALU_unit|add_sub:adder16|FULLADDER:\fullADDER_gen:11:FA|OR_2:OR3    ; OR_2        ; work         ;
;       |FULLADDER:\fullADDER_gen:12:FA| ; 1 (0)               ; 0 (0)                     ; 0           ; 0          ; 0            ; 0       ; 0         ; 0    ; 0            ; 0          ; |ALU_unit|add_sub:adder16|FULLADDER:\fullADDER_gen:12:FA             ; FULLADDER   ; work         ;
;          |OR_2:OR3|                    ; 1 (1)               ; 0 (0)                     ; 0           ; 0          ; 0            ; 0       ; 0         ; 0    ; 0            ; 0          ; |ALU_unit|add_sub:adder16|FULLADDER:\fullADDER_gen:12:FA|OR_2:OR3    ; OR_2        ; work         ;
;       |FULLADDER:\fullADDER_gen:13:FA| ; 1 (0)               ; 0 (0)                     ; 0           ; 0          ; 0            ; 0       ; 0         ; 0    ; 0            ; 0          ; |ALU_unit|add_sub:adder16|FULLADDER:\fullADDER_gen:13:FA             ; FULLADDER   ; work         ;
;          |OR_2:OR3|                    ; 1 (1)               ; 0 (0)                     ; 0           ; 0          ; 0            ; 0       ; 0         ; 0    ; 0            ; 0          ; |ALU_unit|add_sub:adder16|FULLADDER:\fullADDER_gen:13:FA|OR_2:OR3    ; OR_2        ; work         ;
;       |FULLADDER:\fullADDER_gen:14:FA| ; 1 (0)               ; 0 (0)                     ; 0           ; 0          ; 0            ; 0       ; 0         ; 0    ; 0            ; 0          ; |ALU_unit|add_sub:adder16|FULLADDER:\fullADDER_gen:14:FA             ; FULLADDER   ; work         ;
;          |OR_2:OR3|                    ; 1 (1)               ; 0 (0)                     ; 0           ; 0          ; 0            ; 0       ; 0         ; 0    ; 0            ; 0          ; |ALU_unit|add_sub:adder16|FULLADDER:\fullADDER_gen:14:FA|OR_2:OR3    ; OR_2        ; work         ;
;       |FULLADDER:\fullADDER_gen:1:FA|  ; 1 (0)               ; 0 (0)                     ; 0           ; 0          ; 0            ; 0       ; 0         ; 0    ; 0            ; 0          ; |ALU_unit|add_sub:adder16|FULLADDER:\fullADDER_gen:1:FA              ; FULLADDER   ; work         ;
;          |OR_2:OR3|                    ; 1 (1)               ; 0 (0)                     ; 0           ; 0          ; 0            ; 0       ; 0         ; 0    ; 0            ; 0          ; |ALU_unit|add_sub:adder16|FULLADDER:\fullADDER_gen:1:FA|OR_2:OR3     ; OR_2        ; work         ;
;       |FULLADDER:\fullADDER_gen:2:FA|  ; 1 (0)               ; 0 (0)                     ; 0           ; 0          ; 0            ; 0       ; 0         ; 0    ; 0            ; 0          ; |ALU_unit|add_sub:adder16|FULLADDER:\fullADDER_gen:2:FA              ; FULLADDER   ; work         ;
;          |OR_2:OR3|                    ; 1 (1)               ; 0 (0)                     ; 0           ; 0          ; 0            ; 0       ; 0         ; 0    ; 0            ; 0          ; |ALU_unit|add_sub:adder16|FULLADDER:\fullADDER_gen:2:FA|OR_2:OR3     ; OR_2        ; work         ;
;       |FULLADDER:\fullADDER_gen:3:FA|  ; 1 (0)               ; 0 (0)                     ; 0           ; 0          ; 0            ; 0       ; 0         ; 0    ; 0            ; 0          ; |ALU_unit|add_sub:adder16|FULLADDER:\fullADDER_gen:3:FA              ; FULLADDER   ; work         ;
;          |OR_2:OR3|                    ; 1 (1)               ; 0 (0)                     ; 0           ; 0          ; 0            ; 0       ; 0         ; 0    ; 0            ; 0          ; |ALU_unit|add_sub:adder16|FULLADDER:\fullADDER_gen:3:FA|OR_2:OR3     ; OR_2        ; work         ;
;       |FULLADDER:\fullADDER_gen:4:FA|  ; 1 (0)               ; 0 (0)                     ; 0           ; 0          ; 0            ; 0       ; 0         ; 0    ; 0            ; 0          ; |ALU_unit|add_sub:adder16|FULLADDER:\fullADDER_gen:4:FA              ; FULLADDER   ; work         ;
;          |OR_2:OR3|                    ; 1 (1)               ; 0 (0)                     ; 0           ; 0          ; 0            ; 0       ; 0         ; 0    ; 0            ; 0          ; |ALU_unit|add_sub:adder16|FULLADDER:\fullADDER_gen:4:FA|OR_2:OR3     ; OR_2        ; work         ;
;       |FULLADDER:\fullADDER_gen:5:FA|  ; 1 (0)               ; 0 (0)                     ; 0           ; 0          ; 0            ; 0       ; 0         ; 0    ; 0            ; 0          ; |ALU_unit|add_sub:adder16|FULLADDER:\fullADDER_gen:5:FA              ; FULLADDER   ; work         ;
;          |OR_2:OR3|                    ; 1 (1)               ; 0 (0)                     ; 0           ; 0          ; 0            ; 0       ; 0         ; 0    ; 0            ; 0          ; |ALU_unit|add_sub:adder16|FULLADDER:\fullADDER_gen:5:FA|OR_2:OR3     ; OR_2        ; work         ;
;       |FULLADDER:\fullADDER_gen:6:FA|  ; 1 (0)               ; 0 (0)                     ; 0           ; 0          ; 0            ; 0       ; 0         ; 0    ; 0            ; 0          ; |ALU_unit|add_sub:adder16|FULLADDER:\fullADDER_gen:6:FA              ; FULLADDER   ; work         ;
;          |OR_2:OR3|                    ; 1 (1)               ; 0 (0)                     ; 0           ; 0          ; 0            ; 0       ; 0         ; 0    ; 0            ; 0          ; |ALU_unit|add_sub:adder16|FULLADDER:\fullADDER_gen:6:FA|OR_2:OR3     ; OR_2        ; work         ;
;       |FULLADDER:\fullADDER_gen:7:FA|  ; 1 (0)               ; 0 (0)                     ; 0           ; 0          ; 0            ; 0       ; 0         ; 0    ; 0            ; 0          ; |ALU_unit|add_sub:adder16|FULLADDER:\fullADDER_gen:7:FA              ; FULLADDER   ; work         ;
;          |OR_2:OR3|                    ; 1 (1)               ; 0 (0)                     ; 0           ; 0          ; 0            ; 0       ; 0         ; 0    ; 0            ; 0          ; |ALU_unit|add_sub:adder16|FULLADDER:\fullADDER_gen:7:FA|OR_2:OR3     ; OR_2        ; work         ;
;       |FULLADDER:\fullADDER_gen:8:FA|  ; 1 (0)               ; 0 (0)                     ; 0           ; 0          ; 0            ; 0       ; 0         ; 0    ; 0            ; 0          ; |ALU_unit|add_sub:adder16|FULLADDER:\fullADDER_gen:8:FA              ; FULLADDER   ; work         ;
;          |OR_2:OR3|                    ; 1 (1)               ; 0 (0)                     ; 0           ; 0          ; 0            ; 0       ; 0         ; 0    ; 0            ; 0          ; |ALU_unit|add_sub:adder16|FULLADDER:\fullADDER_gen:8:FA|OR_2:OR3     ; OR_2        ; work         ;
;       |FULLADDER:\fullADDER_gen:9:FA|  ; 1 (0)               ; 0 (0)                     ; 0           ; 0          ; 0            ; 0       ; 0         ; 0    ; 0            ; 0          ; |ALU_unit|add_sub:adder16|FULLADDER:\fullADDER_gen:9:FA              ; FULLADDER   ; work         ;
;          |OR_2:OR3|                    ; 1 (1)               ; 0 (0)                     ; 0           ; 0          ; 0            ; 0       ; 0         ; 0    ; 0            ; 0          ; |ALU_unit|add_sub:adder16|FULLADDER:\fullADDER_gen:9:FA|OR_2:OR3     ; OR_2        ; work         ;
;    |add_sub:sub16|                     ; 15 (0)              ; 0 (0)                     ; 0           ; 0          ; 0            ; 0       ; 0         ; 0    ; 0            ; 0          ; |ALU_unit|add_sub:sub16                                              ; add_sub     ; work         ;
;       |FULLADDER:FA16|                 ; 2 (0)               ; 0 (0)                     ; 0           ; 0          ; 0            ; 0       ; 0         ; 0    ; 0            ; 0          ; |ALU_unit|add_sub:sub16|FULLADDER:FA16                               ; FULLADDER   ; work         ;
;          |XOR_2:XOR2|                  ; 2 (2)               ; 0 (0)                     ; 0           ; 0          ; 0            ; 0       ; 0         ; 0    ; 0            ; 0          ; |ALU_unit|add_sub:sub16|FULLADDER:FA16|XOR_2:XOR2                    ; XOR_2       ; work         ;
;       |FULLADDER:\fullADDER_gen:10:FA| ; 1 (0)               ; 0 (0)                     ; 0           ; 0          ; 0            ; 0       ; 0         ; 0    ; 0            ; 0          ; |ALU_unit|add_sub:sub16|FULLADDER:\fullADDER_gen:10:FA               ; FULLADDER   ; work         ;
;          |OR_2:OR3|                    ; 1 (1)               ; 0 (0)                     ; 0           ; 0          ; 0            ; 0       ; 0         ; 0    ; 0            ; 0          ; |ALU_unit|add_sub:sub16|FULLADDER:\fullADDER_gen:10:FA|OR_2:OR3      ; OR_2        ; work         ;
;       |FULLADDER:\fullADDER_gen:11:FA| ; 1 (0)               ; 0 (0)                     ; 0           ; 0          ; 0            ; 0       ; 0         ; 0    ; 0            ; 0          ; |ALU_unit|add_sub:sub16|FULLADDER:\fullADDER_gen:11:FA               ; FULLADDER   ; work         ;
;          |OR_2:OR3|                    ; 1 (1)               ; 0 (0)                     ; 0           ; 0          ; 0            ; 0       ; 0         ; 0    ; 0            ; 0          ; |ALU_unit|add_sub:sub16|FULLADDER:\fullADDER_gen:11:FA|OR_2:OR3      ; OR_2        ; work         ;
;       |FULLADDER:\fullADDER_gen:12:FA| ; 1 (0)               ; 0 (0)                     ; 0           ; 0          ; 0            ; 0       ; 0         ; 0    ; 0            ; 0          ; |ALU_unit|add_sub:sub16|FULLADDER:\fullADDER_gen:12:FA               ; FULLADDER   ; work         ;
;          |OR_2:OR3|                    ; 1 (1)               ; 0 (0)                     ; 0           ; 0          ; 0            ; 0       ; 0         ; 0    ; 0            ; 0          ; |ALU_unit|add_sub:sub16|FULLADDER:\fullADDER_gen:12:FA|OR_2:OR3      ; OR_2        ; work         ;
;       |FULLADDER:\fullADDER_gen:13:FA| ; 1 (0)               ; 0 (0)                     ; 0           ; 0          ; 0            ; 0       ; 0         ; 0    ; 0            ; 0          ; |ALU_unit|add_sub:sub16|FULLADDER:\fullADDER_gen:13:FA               ; FULLADDER   ; work         ;
;          |OR_2:OR3|                    ; 1 (1)               ; 0 (0)                     ; 0           ; 0          ; 0            ; 0       ; 0         ; 0    ; 0            ; 0          ; |ALU_unit|add_sub:sub16|FULLADDER:\fullADDER_gen:13:FA|OR_2:OR3      ; OR_2        ; work         ;
;       |FULLADDER:\fullADDER_gen:1:FA|  ; 1 (0)               ; 0 (0)                     ; 0           ; 0          ; 0            ; 0       ; 0         ; 0    ; 0            ; 0          ; |ALU_unit|add_sub:sub16|FULLADDER:\fullADDER_gen:1:FA                ; FULLADDER   ; work         ;
;          |OR_2:OR3|                    ; 1 (1)               ; 0 (0)                     ; 0           ; 0          ; 0            ; 0       ; 0         ; 0    ; 0            ; 0          ; |ALU_unit|add_sub:sub16|FULLADDER:\fullADDER_gen:1:FA|OR_2:OR3       ; OR_2        ; work         ;
;       |FULLADDER:\fullADDER_gen:2:FA|  ; 1 (0)               ; 0 (0)                     ; 0           ; 0          ; 0            ; 0       ; 0         ; 0    ; 0            ; 0          ; |ALU_unit|add_sub:sub16|FULLADDER:\fullADDER_gen:2:FA                ; FULLADDER   ; work         ;
;          |OR_2:OR3|                    ; 1 (1)               ; 0 (0)                     ; 0           ; 0          ; 0            ; 0       ; 0         ; 0    ; 0            ; 0          ; |ALU_unit|add_sub:sub16|FULLADDER:\fullADDER_gen:2:FA|OR_2:OR3       ; OR_2        ; work         ;
;       |FULLADDER:\fullADDER_gen:3:FA|  ; 1 (0)               ; 0 (0)                     ; 0           ; 0          ; 0            ; 0       ; 0         ; 0    ; 0            ; 0          ; |ALU_unit|add_sub:sub16|FULLADDER:\fullADDER_gen:3:FA                ; FULLADDER   ; work         ;
;          |OR_2:OR3|                    ; 1 (1)               ; 0 (0)                     ; 0           ; 0          ; 0            ; 0       ; 0         ; 0    ; 0            ; 0          ; |ALU_unit|add_sub:sub16|FULLADDER:\fullADDER_gen:3:FA|OR_2:OR3       ; OR_2        ; work         ;
;       |FULLADDER:\fullADDER_gen:4:FA|  ; 1 (0)               ; 0 (0)                     ; 0           ; 0          ; 0            ; 0       ; 0         ; 0    ; 0            ; 0          ; |ALU_unit|add_sub:sub16|FULLADDER:\fullADDER_gen:4:FA                ; FULLADDER   ; work         ;
;          |OR_2:OR3|                    ; 1 (1)               ; 0 (0)                     ; 0           ; 0          ; 0            ; 0       ; 0         ; 0    ; 0            ; 0          ; |ALU_unit|add_sub:sub16|FULLADDER:\fullADDER_gen:4:FA|OR_2:OR3       ; OR_2        ; work         ;
;       |FULLADDER:\fullADDER_gen:5:FA|  ; 1 (0)               ; 0 (0)                     ; 0           ; 0          ; 0            ; 0       ; 0         ; 0    ; 0            ; 0          ; |ALU_unit|add_sub:sub16|FULLADDER:\fullADDER_gen:5:FA                ; FULLADDER   ; work         ;
;          |OR_2:OR3|                    ; 1 (1)               ; 0 (0)                     ; 0           ; 0          ; 0            ; 0       ; 0         ; 0    ; 0            ; 0          ; |ALU_unit|add_sub:sub16|FULLADDER:\fullADDER_gen:5:FA|OR_2:OR3       ; OR_2        ; work         ;
;       |FULLADDER:\fullADDER_gen:6:FA|  ; 1 (0)               ; 0 (0)                     ; 0           ; 0          ; 0            ; 0       ; 0         ; 0    ; 0            ; 0          ; |ALU_unit|add_sub:sub16|FULLADDER:\fullADDER_gen:6:FA                ; FULLADDER   ; work         ;
;          |OR_2:OR3|                    ; 1 (1)               ; 0 (0)                     ; 0           ; 0          ; 0            ; 0       ; 0         ; 0    ; 0            ; 0          ; |ALU_unit|add_sub:sub16|FULLADDER:\fullADDER_gen:6:FA|OR_2:OR3       ; OR_2        ; work         ;
;       |FULLADDER:\fullADDER_gen:7:FA|  ; 1 (0)               ; 0 (0)                     ; 0           ; 0          ; 0            ; 0       ; 0         ; 0    ; 0            ; 0          ; |ALU_unit|add_sub:sub16|FULLADDER:\fullADDER_gen:7:FA                ; FULLADDER   ; work         ;
;          |OR_2:OR3|                    ; 1 (1)               ; 0 (0)                     ; 0           ; 0          ; 0            ; 0       ; 0         ; 0    ; 0            ; 0          ; |ALU_unit|add_sub:sub16|FULLADDER:\fullADDER_gen:7:FA|OR_2:OR3       ; OR_2        ; work         ;
;       |FULLADDER:\fullADDER_gen:8:FA|  ; 1 (0)               ; 0 (0)                     ; 0           ; 0          ; 0            ; 0       ; 0         ; 0    ; 0            ; 0          ; |ALU_unit|add_sub:sub16|FULLADDER:\fullADDER_gen:8:FA                ; FULLADDER   ; work         ;
;          |OR_2:OR3|                    ; 1 (1)               ; 0 (0)                     ; 0           ; 0          ; 0            ; 0       ; 0         ; 0    ; 0            ; 0          ; |ALU_unit|add_sub:sub16|FULLADDER:\fullADDER_gen:8:FA|OR_2:OR3       ; OR_2        ; work         ;
;       |FULLADDER:\fullADDER_gen:9:FA|  ; 1 (0)               ; 0 (0)                     ; 0           ; 0          ; 0            ; 0       ; 0         ; 0    ; 0            ; 0          ; |ALU_unit|add_sub:sub16|FULLADDER:\fullADDER_gen:9:FA                ; FULLADDER   ; work         ;
;          |OR_2:OR3|                    ; 1 (1)               ; 0 (0)                     ; 0           ; 0          ; 0            ; 0       ; 0         ; 0    ; 0            ; 0          ; |ALU_unit|add_sub:sub16|FULLADDER:\fullADDER_gen:9:FA|OR_2:OR3       ; OR_2        ; work         ;
;    |and16bit:and16|                    ; 2 (2)               ; 0 (0)                     ; 0           ; 0          ; 0            ; 0       ; 0         ; 0    ; 0            ; 0          ; |ALU_unit|and16bit:and16                                             ; and16bit    ; work         ;
;    |mul:mul16|                         ; 30 (0)              ; 0 (0)                     ; 0           ; 0          ; 0            ; 0       ; 0         ; 0    ; 0            ; 0          ; |ALU_unit|mul:mul16                                                  ; mul         ; work         ;
;       |lpm_mult:Mult0|                 ; 30 (0)              ; 0 (0)                     ; 0           ; 0          ; 0            ; 0       ; 0         ; 0    ; 0            ; 0          ; |ALU_unit|mul:mul16|lpm_mult:Mult0                                   ; lpm_mult    ; work         ;
;          |mult_9js:auto_generated|     ; 30 (30)             ; 0 (0)                     ; 0           ; 0          ; 0            ; 0       ; 0         ; 0    ; 0            ; 0          ; |ALU_unit|mul:mul16|lpm_mult:Mult0|mult_9js:auto_generated           ; mult_9js    ; work         ;
;    |mux8x1:mux8|                       ; 92 (0)              ; 0 (0)                     ; 0           ; 0          ; 0            ; 0       ; 0         ; 0    ; 0            ; 0          ; |ALU_unit|mux8x1:mux8                                                ; mux8x1      ; work         ;
;       |mux_16bit:m7|                   ; 92 (0)              ; 0 (0)                     ; 0           ; 0          ; 0            ; 0       ; 0         ; 0    ; 0            ; 0          ; |ALU_unit|mux8x1:mux8|mux_16bit:m7                                   ; mux_16bit   ; work         ;
;          |MUX2x1:\mux:0:mux_16bit|     ; 4 (0)               ; 0 (0)                     ; 0           ; 0          ; 0            ; 0       ; 0         ; 0    ; 0            ; 0          ; |ALU_unit|mux8x1:mux8|mux_16bit:m7|MUX2x1:\mux:0:mux_16bit           ; MUX2x1      ; work         ;
;             |OR_2:OR1|                 ; 4 (4)               ; 0 (0)                     ; 0           ; 0          ; 0            ; 0       ; 0         ; 0    ; 0            ; 0          ; |ALU_unit|mux8x1:mux8|mux_16bit:m7|MUX2x1:\mux:0:mux_16bit|OR_2:OR1  ; OR_2        ; work         ;
;          |MUX2x1:\mux:10:mux_16bit|    ; 6 (0)               ; 0 (0)                     ; 0           ; 0          ; 0            ; 0       ; 0         ; 0    ; 0            ; 0          ; |ALU_unit|mux8x1:mux8|mux_16bit:m7|MUX2x1:\mux:10:mux_16bit          ; MUX2x1      ; work         ;
;             |OR_2:OR1|                 ; 6 (6)               ; 0 (0)                     ; 0           ; 0          ; 0            ; 0       ; 0         ; 0    ; 0            ; 0          ; |ALU_unit|mux8x1:mux8|mux_16bit:m7|MUX2x1:\mux:10:mux_16bit|OR_2:OR1 ; OR_2        ; work         ;
;          |MUX2x1:\mux:11:mux_16bit|    ; 6 (0)               ; 0 (0)                     ; 0           ; 0          ; 0            ; 0       ; 0         ; 0    ; 0            ; 0          ; |ALU_unit|mux8x1:mux8|mux_16bit:m7|MUX2x1:\mux:11:mux_16bit          ; MUX2x1      ; work         ;
;             |OR_2:OR1|                 ; 6 (6)               ; 0 (0)                     ; 0           ; 0          ; 0            ; 0       ; 0         ; 0    ; 0            ; 0          ; |ALU_unit|mux8x1:mux8|mux_16bit:m7|MUX2x1:\mux:11:mux_16bit|OR_2:OR1 ; OR_2        ; work         ;
;          |MUX2x1:\mux:12:mux_16bit|    ; 6 (0)               ; 0 (0)                     ; 0           ; 0          ; 0            ; 0       ; 0         ; 0    ; 0            ; 0          ; |ALU_unit|mux8x1:mux8|mux_16bit:m7|MUX2x1:\mux:12:mux_16bit          ; MUX2x1      ; work         ;
;             |OR_2:OR1|                 ; 6 (6)               ; 0 (0)                     ; 0           ; 0          ; 0            ; 0       ; 0         ; 0    ; 0            ; 0          ; |ALU_unit|mux8x1:mux8|mux_16bit:m7|MUX2x1:\mux:12:mux_16bit|OR_2:OR1 ; OR_2        ; work         ;
;          |MUX2x1:\mux:13:mux_16bit|    ; 6 (0)               ; 0 (0)                     ; 0           ; 0          ; 0            ; 0       ; 0         ; 0    ; 0            ; 0          ; |ALU_unit|mux8x1:mux8|mux_16bit:m7|MUX2x1:\mux:13:mux_16bit          ; MUX2x1      ; work         ;
;             |OR_2:OR1|                 ; 6 (6)               ; 0 (0)                     ; 0           ; 0          ; 0            ; 0       ; 0         ; 0    ; 0            ; 0          ; |ALU_unit|mux8x1:mux8|mux_16bit:m7|MUX2x1:\mux:13:mux_16bit|OR_2:OR1 ; OR_2        ; work         ;
;          |MUX2x1:\mux:14:mux_16bit|    ; 6 (0)               ; 0 (0)                     ; 0           ; 0          ; 0            ; 0       ; 0         ; 0    ; 0            ; 0          ; |ALU_unit|mux8x1:mux8|mux_16bit:m7|MUX2x1:\mux:14:mux_16bit          ; MUX2x1      ; work         ;
;             |OR_2:OR1|                 ; 6 (6)               ; 0 (0)                     ; 0           ; 0          ; 0            ; 0       ; 0         ; 0    ; 0            ; 0          ; |ALU_unit|mux8x1:mux8|mux_16bit:m7|MUX2x1:\mux:14:mux_16bit|OR_2:OR1 ; OR_2        ; work         ;
;          |MUX2x1:\mux:15:mux_16bit|    ; 4 (0)               ; 0 (0)                     ; 0           ; 0          ; 0            ; 0       ; 0         ; 0    ; 0            ; 0          ; |ALU_unit|mux8x1:mux8|mux_16bit:m7|MUX2x1:\mux:15:mux_16bit          ; MUX2x1      ; work         ;
;             |OR_2:OR1|                 ; 4 (4)               ; 0 (0)                     ; 0           ; 0          ; 0            ; 0       ; 0         ; 0    ; 0            ; 0          ; |ALU_unit|mux8x1:mux8|mux_16bit:m7|MUX2x1:\mux:15:mux_16bit|OR_2:OR1 ; OR_2        ; work         ;
;          |MUX2x1:\mux:1:mux_16bit|     ; 5 (0)               ; 0 (0)                     ; 0           ; 0          ; 0            ; 0       ; 0         ; 0    ; 0            ; 0          ; |ALU_unit|mux8x1:mux8|mux_16bit:m7|MUX2x1:\mux:1:mux_16bit           ; MUX2x1      ; work         ;
;             |OR_2:OR1|                 ; 5 (5)               ; 0 (0)                     ; 0           ; 0          ; 0            ; 0       ; 0         ; 0    ; 0            ; 0          ; |ALU_unit|mux8x1:mux8|mux_16bit:m7|MUX2x1:\mux:1:mux_16bit|OR_2:OR1  ; OR_2        ; work         ;
;          |MUX2x1:\mux:2:mux_16bit|     ; 6 (0)               ; 0 (0)                     ; 0           ; 0          ; 0            ; 0       ; 0         ; 0    ; 0            ; 0          ; |ALU_unit|mux8x1:mux8|mux_16bit:m7|MUX2x1:\mux:2:mux_16bit           ; MUX2x1      ; work         ;
;             |OR_2:OR1|                 ; 6 (6)               ; 0 (0)                     ; 0           ; 0          ; 0            ; 0       ; 0         ; 0    ; 0            ; 0          ; |ALU_unit|mux8x1:mux8|mux_16bit:m7|MUX2x1:\mux:2:mux_16bit|OR_2:OR1  ; OR_2        ; work         ;
;          |MUX2x1:\mux:3:mux_16bit|     ; 6 (0)               ; 0 (0)                     ; 0           ; 0          ; 0            ; 0       ; 0         ; 0    ; 0            ; 0          ; |ALU_unit|mux8x1:mux8|mux_16bit:m7|MUX2x1:\mux:3:mux_16bit           ; MUX2x1      ; work         ;
;             |OR_2:OR1|                 ; 6 (6)               ; 0 (0)                     ; 0           ; 0          ; 0            ; 0       ; 0         ; 0    ; 0            ; 0          ; |ALU_unit|mux8x1:mux8|mux_16bit:m7|MUX2x1:\mux:3:mux_16bit|OR_2:OR1  ; OR_2        ; work         ;
;          |MUX2x1:\mux:4:mux_16bit|     ; 7 (0)               ; 0 (0)                     ; 0           ; 0          ; 0            ; 0       ; 0         ; 0    ; 0            ; 0          ; |ALU_unit|mux8x1:mux8|mux_16bit:m7|MUX2x1:\mux:4:mux_16bit           ; MUX2x1      ; work         ;
;             |OR_2:OR1|                 ; 7 (7)               ; 0 (0)                     ; 0           ; 0          ; 0            ; 0       ; 0         ; 0    ; 0            ; 0          ; |ALU_unit|mux8x1:mux8|mux_16bit:m7|MUX2x1:\mux:4:mux_16bit|OR_2:OR1  ; OR_2        ; work         ;
;          |MUX2x1:\mux:5:mux_16bit|     ; 6 (0)               ; 0 (0)                     ; 0           ; 0          ; 0            ; 0       ; 0         ; 0    ; 0            ; 0          ; |ALU_unit|mux8x1:mux8|mux_16bit:m7|MUX2x1:\mux:5:mux_16bit           ; MUX2x1      ; work         ;
;             |OR_2:OR1|                 ; 6 (6)               ; 0 (0)                     ; 0           ; 0          ; 0            ; 0       ; 0         ; 0    ; 0            ; 0          ; |ALU_unit|mux8x1:mux8|mux_16bit:m7|MUX2x1:\mux:5:mux_16bit|OR_2:OR1  ; OR_2        ; work         ;
;          |MUX2x1:\mux:6:mux_16bit|     ; 6 (0)               ; 0 (0)                     ; 0           ; 0          ; 0            ; 0       ; 0         ; 0    ; 0            ; 0          ; |ALU_unit|mux8x1:mux8|mux_16bit:m7|MUX2x1:\mux:6:mux_16bit           ; MUX2x1      ; work         ;
;             |OR_2:OR1|                 ; 6 (6)               ; 0 (0)                     ; 0           ; 0          ; 0            ; 0       ; 0         ; 0    ; 0            ; 0          ; |ALU_unit|mux8x1:mux8|mux_16bit:m7|MUX2x1:\mux:6:mux_16bit|OR_2:OR1  ; OR_2        ; work         ;
;          |MUX2x1:\mux:7:mux_16bit|     ; 6 (0)               ; 0 (0)                     ; 0           ; 0          ; 0            ; 0       ; 0         ; 0    ; 0            ; 0          ; |ALU_unit|mux8x1:mux8|mux_16bit:m7|MUX2x1:\mux:7:mux_16bit           ; MUX2x1      ; work         ;
;             |OR_2:OR1|                 ; 6 (6)               ; 0 (0)                     ; 0           ; 0          ; 0            ; 0       ; 0         ; 0    ; 0            ; 0          ; |ALU_unit|mux8x1:mux8|mux_16bit:m7|MUX2x1:\mux:7:mux_16bit|OR_2:OR1  ; OR_2        ; work         ;
;          |MUX2x1:\mux:8:mux_16bit|     ; 6 (0)               ; 0 (0)                     ; 0           ; 0          ; 0            ; 0       ; 0         ; 0    ; 0            ; 0          ; |ALU_unit|mux8x1:mux8|mux_16bit:m7|MUX2x1:\mux:8:mux_16bit           ; MUX2x1      ; work         ;
;             |OR_2:OR1|                 ; 6 (6)               ; 0 (0)                     ; 0           ; 0          ; 0            ; 0       ; 0         ; 0    ; 0            ; 0          ; |ALU_unit|mux8x1:mux8|mux_16bit:m7|MUX2x1:\mux:8:mux_16bit|OR_2:OR1  ; OR_2        ; work         ;
;          |MUX2x1:\mux:9:mux_16bit|     ; 6 (0)               ; 0 (0)                     ; 0           ; 0          ; 0            ; 0       ; 0         ; 0    ; 0            ; 0          ; |ALU_unit|mux8x1:mux8|mux_16bit:m7|MUX2x1:\mux:9:mux_16bit           ; MUX2x1      ; work         ;
;             |OR_2:OR1|                 ; 6 (6)               ; 0 (0)                     ; 0           ; 0          ; 0            ; 0       ; 0         ; 0    ; 0            ; 0          ; |ALU_unit|mux8x1:mux8|mux_16bit:m7|MUX2x1:\mux:9:mux_16bit|OR_2:OR1  ; OR_2        ; work         ;
;    |zeroflag:zerochecker|              ; 6 (6)               ; 0 (0)                     ; 0           ; 0          ; 0            ; 0       ; 0         ; 0    ; 0            ; 0          ; |ALU_unit|zeroflag:zerochecker                                       ; zeroflag    ; work         ;
+----------------------------------------+---------------------+---------------------------+-------------+------------+--------------+---------+-----------+------+--------------+------------+----------------------------------------------------------------------+-------------+--------------+
Note: For table entries with two numbers listed, the numbers in parentheses indicate the number of resources of the given type used by the specific entity alone. The numbers listed outside of parentheses indicate the total resources of the given type used by the specific entity and all of its sub-entities in the hierarchy.


+------------------------------------------------------+
; General Register Statistics                          ;
+----------------------------------------------+-------+
; Statistic                                    ; Value ;
+----------------------------------------------+-------+
; Total registers                              ; 0     ;
; Number of registers using Synchronous Clear  ; 0     ;
; Number of registers using Synchronous Load   ; 0     ;
; Number of registers using Asynchronous Clear ; 0     ;
; Number of registers using Asynchronous Load  ; 0     ;
; Number of registers using Clock Enable       ; 0     ;
; Number of registers using Preset             ; 0     ;
+----------------------------------------------+-------+


+-------------------------------------------------------------------------------------------------------------------------------------------------------------------------------------+
; Multiplexer Restructuring Statistics (Restructuring Performed)                                                                                                                      ;
+--------------------+-----------+---------------+----------------------+------------------------+------------+-----------------------------------------------------------------------+
; Multiplexer Inputs ; Bus Width ; Baseline Area ; Area if Restructured ; Saving if Restructured ; Registered ; Example Multiplexer Output                                            ;
+--------------------+-----------+---------------+----------------------+------------------------+------------+-----------------------------------------------------------------------+
; 6:1                ; 15 bits   ; 60 LEs        ; 60 LEs               ; 0 LEs                  ; No         ; |ALU_unit|mux8x1:mux8|mux_16bit:m7|MUX2x1:\mux:1:mux_16bit|OR_2:OR1|Y ;
+--------------------+-----------+---------------+----------------------+------------------------+------------+-----------------------------------------------------------------------+


+---------------------------------------------------------------------------------+
; Parameter Settings for Inferred Entity Instance: mul:mul16|lpm_mult:Mult0       ;
+------------------------------------------------+----------+---------------------+
; Parameter Name                                 ; Value    ; Type                ;
+------------------------------------------------+----------+---------------------+
; AUTO_CARRY_CHAINS                              ; ON       ; AUTO_CARRY          ;
; IGNORE_CARRY_BUFFERS                           ; OFF      ; IGNORE_CARRY        ;
; AUTO_CASCADE_CHAINS                            ; ON       ; AUTO_CASCADE        ;
; IGNORE_CASCADE_BUFFERS                         ; OFF      ; IGNORE_CASCADE      ;
; LPM_WIDTHA                                     ; 4        ; Untyped             ;
; LPM_WIDTHB                                     ; 4        ; Untyped             ;
; LPM_WIDTHP                                     ; 8        ; Untyped             ;
; LPM_WIDTHR                                     ; 8        ; Untyped             ;
; LPM_WIDTHS                                     ; 1        ; Untyped             ;
; LPM_REPRESENTATION                             ; UNSIGNED ; Untyped             ;
; LPM_PIPELINE                                   ; 0        ; Untyped             ;
; LATENCY                                        ; 0        ; Untyped             ;
; INPUT_A_IS_CONSTANT                            ; NO       ; Untyped             ;
; INPUT_B_IS_CONSTANT                            ; NO       ; Untyped             ;
; USE_EAB                                        ; OFF      ; Untyped             ;
; MAXIMIZE_SPEED                                 ; 5        ; Untyped             ;
; DEVICE_FAMILY                                  ; MAX 10   ; Untyped             ;
; CARRY_CHAIN                                    ; MANUAL   ; Untyped             ;
; APEX20K_TECHNOLOGY_MAPPER                      ; LUT      ; TECH_MAPPER_APEX20K ;
; DEDICATED_MULTIPLIER_CIRCUITRY                 ; AUTO     ; Untyped             ;
; DEDICATED_MULTIPLIER_MIN_INPUT_WIDTH_FOR_AUTO  ; 0        ; Untyped             ;
; DEDICATED_MULTIPLIER_MIN_OUTPUT_WIDTH_FOR_AUTO ; 0        ; Untyped             ;
; CBXI_PARAMETER                                 ; mult_9js ; Untyped             ;
; INPUT_A_FIXED_VALUE                            ; Bx       ; Untyped             ;
; INPUT_B_FIXED_VALUE                            ; Bx       ; Untyped             ;
; USE_AHDL_IMPLEMENTATION                        ; OFF      ; Untyped             ;
+------------------------------------------------+----------+---------------------+
Note: In order to hide this table in the UI and the text report file, please set the "Show Parameter Settings in Synthesis Report" option in "Analysis and Synthesis Settings -> More Settings" to "Off".


+------------------------------------------------------------------+
; lpm_mult Parameter Settings by Entity Instance                   ;
+---------------------------------------+--------------------------+
; Name                                  ; Value                    ;
+---------------------------------------+--------------------------+
; Number of entity instances            ; 1                        ;
; Entity Instance                       ; mul:mul16|lpm_mult:Mult0 ;
;     -- LPM_WIDTHA                     ; 4                        ;
;     -- LPM_WIDTHB                     ; 4                        ;
;     -- LPM_WIDTHP                     ; 8                        ;
;     -- LPM_REPRESENTATION             ; UNSIGNED                 ;
;     -- INPUT_A_IS_CONSTANT            ; NO                       ;
;     -- INPUT_B_IS_CONSTANT            ; NO                       ;
;     -- USE_EAB                        ; OFF                      ;
;     -- DEDICATED_MULTIPLIER_CIRCUITRY ; AUTO                     ;
;     -- INPUT_A_FIXED_VALUE            ; Bx                       ;
;     -- INPUT_B_FIXED_VALUE            ; Bx                       ;
+---------------------------------------+--------------------------+


+----------------------------------------------------------------------------------------------------------------+
; Port Connectivity Checks: "add_sub:sub16"                                                                      ;
+------+--------+----------+-------------------------------------------------------------------------------------+
; Port ; Type   ; Severity ; Details                                                                             ;
+------+--------+----------+-------------------------------------------------------------------------------------+
; m    ; Input  ; Info     ; Stuck at VCC                                                                        ;
; cout ; Output ; Info     ; Connected to dangling logic. Logic that only feeds a dangling port will be removed. ;
+------+--------+----------+-------------------------------------------------------------------------------------+


+----------------------------------------------------------------------------------------------------------------+
; Port Connectivity Checks: "add_sub:adder16|FULLADDER:FA1|OR_2:OR2"                                             ;
+------+--------+----------+-------------------------------------------------------------------------------------+
; Port ; Type   ; Severity ; Details                                                                             ;
+------+--------+----------+-------------------------------------------------------------------------------------+
; y    ; Output ; Info     ; Connected to dangling logic. Logic that only feeds a dangling port will be removed. ;
+------+--------+----------+-------------------------------------------------------------------------------------+


+---------------------------------------------+
; Port Connectivity Checks: "add_sub:adder16" ;
+------+-------+----------+-------------------+
; Port ; Type  ; Severity ; Details           ;
+------+-------+----------+-------------------+
; m    ; Input ; Info     ; Stuck at GND      ;
+------+-------+----------+-------------------+


+-----------------------------------------------------+
; Post-Synthesis Netlist Statistics for Top Partition ;
+-----------------------+-----------------------------+
; Type                  ; Count                       ;
+-----------------------+-----------------------------+
; boundary_port         ; 53                          ;
; cycloneiii_lcell_comb ; 162                         ;
;     arith             ; 12                          ;
;         2 data inputs ; 2                           ;
;         3 data inputs ; 10                          ;
;     normal            ; 150                         ;
;         1 data inputs ; 1                           ;
;         2 data inputs ; 6                           ;
;         3 data inputs ; 61                          ;
;         4 data inputs ; 82                          ;
;                       ;                             ;
; Max LUT depth         ; 20.00                       ;
; Average LUT depth     ; 11.49                       ;
+-----------------------+-----------------------------+


+-------------------------------+
; Elapsed Time Per Partition    ;
+----------------+--------------+
; Partition Name ; Elapsed Time ;
+----------------+--------------+
; Top            ; 00:00:01     ;
+----------------+--------------+


+-------------------------------+
; Analysis & Synthesis Messages ;
+-------------------------------+
Info: *******************************************************************
Info: Running Quartus Prime Analysis & Synthesis
    Info: Version 18.1.0 Build 625 09/12/2018 SJ Lite Edition
    Info: Processing started: Fri Nov 24 15:57:08 2023
Info: Command: quartus_map --read_settings_files=on --write_settings_files=off ALU_unit -c ALU_unit
Warning (18236): Number of processors has not been specified which may cause overloading on shared machines.  Set the global assignment NUM_PARALLEL_PROCESSORS in your QSF to an appropriate value for best performance.
Info (20030): Parallel compilation is enabled and will use 10 of the 10 processors detected
Info (12021): Found 2 design units, including 1 entities, in source file mux_16bit.vhd
    Info (12022): Found design unit 1: mux_16bit-logic File: E:/3rd SEM/EE224/ALU/mux_16bit.vhd Line: 13
    Info (12023): Found entity 1: mux_16bit File: E:/3rd SEM/EE224/ALU/mux_16bit.vhd Line: 6
Info (12021): Found 17 design units, including 8 entities, in source file gates.vhdl
    Info (12022): Found design unit 1: Gates File: E:/3rd SEM/EE224/ALU/Gates.vhdl Line: 3
    Info (12022): Found design unit 2: INVERTER-Equations File: E:/3rd SEM/EE224/ALU/Gates.vhdl Line: 45
    Info (12022): Found design unit 3: AND_2-Equations File: E:/3rd SEM/EE224/ALU/Gates.vhdl Line: 57
    Info (12022): Found design unit 4: NAND_2-Equations File: E:/3rd SEM/EE224/ALU/Gates.vhdl Line: 68
    Info (12022): Found design unit 5: OR_2-Equations File: E:/3rd SEM/EE224/ALU/Gates.vhdl Line: 79
    Info (12022): Found design unit 6: NOR_2-Equations File: E:/3rd SEM/EE224/ALU/Gates.vhdl Line: 90
    Info (12022): Found design unit 7: XOR_2-Equations File: E:/3rd SEM/EE224/ALU/Gates.vhdl Line: 102
    Info (12022): Found design unit 8: XNOR_2-Equations File: E:/3rd SEM/EE224/ALU/Gates.vhdl Line: 113
    Info (12022): Found design unit 9: HALF_ADDER-Equations File: E:/3rd SEM/EE224/ALU/Gates.vhdl Line: 124
    Info (12023): Found entity 1: INVERTER File: E:/3rd SEM/EE224/ALU/Gates.vhdl Line: 41
    Info (12023): Found entity 2: AND_2 File: E:/3rd SEM/EE224/ALU/Gates.vhdl Line: 53
    Info (12023): Found entity 3: NAND_2 File: E:/3rd SEM/EE224/ALU/Gates.vhdl Line: 64
    Info (12023): Found entity 4: OR_2 File: E:/3rd SEM/EE224/ALU/Gates.vhdl Line: 75
    Info (12023): Found entity 5: NOR_2 File: E:/3rd SEM/EE224/ALU/Gates.vhdl Line: 86
    Info (12023): Found entity 6: XOR_2 File: E:/3rd SEM/EE224/ALU/Gates.vhdl Line: 98
    Info (12023): Found entity 7: XNOR_2 File: E:/3rd SEM/EE224/ALU/Gates.vhdl Line: 109
    Info (12023): Found entity 8: HALF_ADDER File: E:/3rd SEM/EE224/ALU/Gates.vhdl Line: 120
Info (12021): Found 2 design units, including 1 entities, in source file zeroflag.vhd
    Info (12022): Found design unit 1: zeroflag-logic File: E:/3rd SEM/EE224/ALU/zeroflag.vhd Line: 12
    Info (12023): Found entity 1: zeroflag File: E:/3rd SEM/EE224/ALU/zeroflag.vhd Line: 6
Info (12021): Found 2 design units, including 1 entities, in source file or16bit.vhd
    Info (12022): Found design unit 1: or16bit-logic File: E:/3rd SEM/EE224/ALU/or16bit.vhd Line: 12
    Info (12023): Found entity 1: or16bit File: E:/3rd SEM/EE224/ALU/or16bit.vhd Line: 6
Info (12021): Found 2 design units, including 1 entities, in source file mux8x1.vhd
    Info (12022): Found design unit 1: mux8x1-logic File: E:/3rd SEM/EE224/ALU/mux8x1.vhd Line: 13
    Info (12023): Found entity 1: mux8x1 File: E:/3rd SEM/EE224/ALU/mux8x1.vhd Line: 6
Info (12021): Found 2 design units, including 1 entities, in source file mux2x1.vhd
    Info (12022): Found design unit 1: MUX2x1-simple File: E:/3rd SEM/EE224/ALU/MUX2x1.vhd Line: 12
    Info (12023): Found entity 1: MUX2x1 File: E:/3rd SEM/EE224/ALU/MUX2x1.vhd Line: 6
Info (12021): Found 2 design units, including 1 entities, in source file imp16bit.vhd
    Info (12022): Found design unit 1: imp16bit-logic File: E:/3rd SEM/EE224/ALU/imp16bit.vhd Line: 12
    Info (12023): Found entity 1: imp16bit File: E:/3rd SEM/EE224/ALU/imp16bit.vhd Line: 6
Info (12021): Found 2 design units, including 1 entities, in source file and16bit.vhd
    Info (12022): Found design unit 1: and16bit-logic File: E:/3rd SEM/EE224/ALU/and16bit.vhd Line: 12
    Info (12023): Found entity 1: and16bit File: E:/3rd SEM/EE224/ALU/and16bit.vhd Line: 6
Info (12021): Found 2 design units, including 1 entities, in source file alu_unit.vhd
    Info (12022): Found design unit 1: ALU_unit-logic File: E:/3rd SEM/EE224/ALU/ALU_unit.vhd Line: 15
    Info (12023): Found entity 1: ALU_unit File: E:/3rd SEM/EE224/ALU/ALU_unit.vhd Line: 7
Info (12021): Found 2 design units, including 1 entities, in source file add_sub.vhd
    Info (12022): Found design unit 1: add_sub-struct File: E:/3rd SEM/EE224/ALU/add_sub.vhd Line: 12
    Info (12023): Found entity 1: add_sub File: E:/3rd SEM/EE224/ALU/add_sub.vhd Line: 7
Info (12021): Found 2 design units, including 1 entities, in source file mul.vhd
    Info (12022): Found design unit 1: mul-Behavioral File: E:/3rd SEM/EE224/ALU/mul.vhd Line: 12
    Info (12023): Found entity 1: mul File: E:/3rd SEM/EE224/ALU/mul.vhd Line: 5
Info (12021): Found 2 design units, including 1 entities, in source file fulladder.vhd
    Info (12022): Found design unit 1: FULLADDER-ADDER_A File: E:/3rd SEM/EE224/ALU/FULLADDER.vhd Line: 15
    Info (12023): Found entity 1: FULLADDER File: E:/3rd SEM/EE224/ALU/FULLADDER.vhd Line: 9
Info (12127): Elaborating entity "ALU_unit" for the top level hierarchy
Warning (10541): VHDL Signal Declaration warning at ALU_unit.vhd(61): used implicit default value for signal "y6" because signal was never assigned a value or an explicit default value. Use of implicit default value may introduce unintended design optimizations. File: E:/3rd SEM/EE224/ALU/ALU_unit.vhd Line: 61
Warning (10541): VHDL Signal Declaration warning at ALU_unit.vhd(61): used implicit default value for signal "y7" because signal was never assigned a value or an explicit default value. Use of implicit default value may introduce unintended design optimizations. File: E:/3rd SEM/EE224/ALU/ALU_unit.vhd Line: 61
Warning (10036): Verilog HDL or VHDL warning at ALU_unit.vhd(62): object "c0" assigned a value but never read File: E:/3rd SEM/EE224/ALU/ALU_unit.vhd Line: 62
Info (12128): Elaborating entity "add_sub" for hierarchy "add_sub:adder16" File: E:/3rd SEM/EE224/ALU/ALU_unit.vhd Line: 66
Info (12128): Elaborating entity "FULLADDER" for hierarchy "add_sub:adder16|FULLADDER:FA1" File: E:/3rd SEM/EE224/ALU/add_sub.vhd Line: 28
Warning (10036): Verilog HDL or VHDL warning at FULLADDER.vhd(17): object "s3" assigned a value but never read File: E:/3rd SEM/EE224/ALU/FULLADDER.vhd Line: 17
Info (12128): Elaborating entity "XOR_2" for hierarchy "add_sub:adder16|FULLADDER:FA1|XOR_2:XOR1" File: E:/3rd SEM/EE224/ALU/FULLADDER.vhd Line: 20
Info (12128): Elaborating entity "AND_2" for hierarchy "add_sub:adder16|FULLADDER:FA1|AND_2:AND1" File: E:/3rd SEM/EE224/ALU/FULLADDER.vhd Line: 21
Info (12128): Elaborating entity "OR_2" for hierarchy "add_sub:adder16|FULLADDER:FA1|OR_2:OR3" File: E:/3rd SEM/EE224/ALU/FULLADDER.vhd Line: 22
Info (12128): Elaborating entity "mul" for hierarchy "mul:mul16" File: E:/3rd SEM/EE224/ALU/ALU_unit.vhd Line: 68
Info (12128): Elaborating entity "and16bit" for hierarchy "and16bit:and16" File: E:/3rd SEM/EE224/ALU/ALU_unit.vhd Line: 69
Info (12128): Elaborating entity "or16bit" for hierarchy "or16bit:or16" File: E:/3rd SEM/EE224/ALU/ALU_unit.vhd Line: 70
Info (12128): Elaborating entity "imp16bit" for hierarchy "imp16bit:imp16" File: E:/3rd SEM/EE224/ALU/ALU_unit.vhd Line: 71
Info (12128): Elaborating entity "mux8x1" for hierarchy "mux8x1:mux8" File: E:/3rd SEM/EE224/ALU/ALU_unit.vhd Line: 73
Info (12128): Elaborating entity "mux_16bit" for hierarchy "mux8x1:mux8|mux_16bit:m1" File: E:/3rd SEM/EE224/ALU/mux8x1.vhd Line: 26
Info (12128): Elaborating entity "MUX2x1" for hierarchy "mux8x1:mux8|mux_16bit:m1|MUX2x1:\mux:0:mux_16bit" File: E:/3rd SEM/EE224/ALU/mux_16bit.vhd Line: 24
Info (12128): Elaborating entity "INVERTER" for hierarchy "mux8x1:mux8|mux_16bit:m1|MUX2x1:\mux:0:mux_16bit|INVERTER:NOT1" File: E:/3rd SEM/EE224/ALU/MUX2x1.vhd Line: 16
Info (12128): Elaborating entity "zeroflag" for hierarchy "zeroflag:zerochecker" File: E:/3rd SEM/EE224/ALU/ALU_unit.vhd Line: 76
Info (278001): Inferred 1 megafunctions from design logic
    Info (278003): Inferred multiplier megafunction ("lpm_mult") from the following logic: "mul:mul16|Mult0" File: E:/3rd SEM/EE224/ALU/mul.vhd Line: 17
Info (12130): Elaborated megafunction instantiation "mul:mul16|lpm_mult:Mult0" File: E:/3rd SEM/EE224/ALU/mul.vhd Line: 17
Info (12133): Instantiated megafunction "mul:mul16|lpm_mult:Mult0" with the following parameter: File: E:/3rd SEM/EE224/ALU/mul.vhd Line: 17
    Info (12134): Parameter "LPM_WIDTHA" = "4"
    Info (12134): Parameter "LPM_WIDTHB" = "4"
    Info (12134): Parameter "LPM_WIDTHP" = "8"
    Info (12134): Parameter "LPM_WIDTHR" = "8"
    Info (12134): Parameter "LPM_WIDTHS" = "1"
    Info (12134): Parameter "LPM_REPRESENTATION" = "UNSIGNED"
    Info (12134): Parameter "INPUT_A_IS_CONSTANT" = "NO"
    Info (12134): Parameter "INPUT_B_IS_CONSTANT" = "NO"
    Info (12134): Parameter "MAXIMIZE_SPEED" = "5"
Info (12021): Found 1 design units, including 1 entities, in source file db/mult_9js.tdf
    Info (12023): Found entity 1: mult_9js File: E:/3rd SEM/EE224/ALU/db/mult_9js.tdf Line: 28
Warning (14284): Synthesized away the following node(s):
    Warning (14285): Synthesized away the following LCELL buffer node(s):
        Warning (14320): Synthesized away node "mul:mul16|lpm_mult:Mult0|mult_9js:auto_generated|le5a[4]" File: E:/3rd SEM/EE224/ALU/db/mult_9js.tdf Line: 42
Info (13014): Ignored 48 buffer(s)
    Info (13016): Ignored 4 CARRY_SUM buffer(s)
    Info (13019): Ignored 44 SOFT buffer(s)
Info (286030): Timing-Driven Synthesis is running
Info (16010): Generating hard_block partition "hard_block:auto_generated_inst"
    Info (16011): Adding 0 node(s), including 0 DDIO, 0 PLL, 0 transceiver and 0 LCELL
Info (21057): Implemented 214 device resources after synthesis - the final resource count might be different
    Info (21058): Implemented 35 input pins
    Info (21059): Implemented 18 output pins
    Info (21061): Implemented 161 logic cells
Info: Quartus Prime Analysis & Synthesis was successful. 0 errors, 8 warnings
    Info: Peak virtual memory: 4805 megabytes
    Info: Processing ended: Fri Nov 24 15:57:18 2023
    Info: Elapsed time: 00:00:10
    Info: Total CPU time (on all processors): 00:00:05


